INFO root: Loaded 175 records from finqa
INFO deminh.experiment: Progress: 1/175 records generated (MSI/2012/page_87.pdf-3 ok).
INFO deminh.experiment: Progress: 2/175 records generated (MSI/2008/page_69.pdf-3 ok).
INFO deminh.experiment: Progress: 3/175 records generated (FIS/2016/page_9.pdf-2 ok).
WARNING deminh.agents: Analyst failed for ADBE/2008/page_74.pdf-4: float() argument must be a string or a real number, not 'NoneType'
WARNING deminh.experiment: Skipping ADBE/2008/page_74.pdf-4: generation produced no claim.
INFO deminh.experiment: Progress: 4/175 records generated (ADBE/2008/page_74.pdf-4 skipped).
INFO deminh.experiment: Progress: 5/175 records generated (MRO/2003/page_45.pdf-1 ok).
INFO deminh.injection: Category wrong_operation did not apply to MRO/2003/page_45.pdf-1; record left uncorrupted.
INFO deminh.injection: Category wrong_operation did not apply to MRO/2003/page_45.pdf-1; record left uncorrupted.
INFO deminh.injection: Category wrong_operation did not apply to MRO/2003/page_45.pdf-1; record left uncorrupted.
INFO deminh.experiment: Progress: 6/175 records generated (AAPL/2006/page_100.pdf-2 ok).
INFO deminh.experiment: Progress: 7/175 records generated (RSG/2016/page_139.pdf-1 ok).
INFO deminh.experiment: Progress: 8/175 records generated (RSG/2013/page_123.pdf-2 ok).
INFO deminh.experiment: Progress: 9/175 records generated (UNP/2009/page_42.pdf-2 ok).
WARNING deminh.agents: Analyst failed for AMT/2016/page_125.pdf-2: float() argument must be a string or a real number, not 'NoneType'
WARNING deminh.experiment: Skipping AMT/2016/page_125.pdf-2: generation produced no claim.
INFO deminh.experiment: Progress: 10/175 records generated (AMT/2016/page_125.pdf-2 skipped).
INFO deminh.experiment: Progress: 11/175 records generated (AMT/2014/page_149.pdf-2 ok).
INFO deminh.experiment: Progress: 12/175 records generated (AAPL/2006/page_131.pdf-1 ok).
INFO deminh.experiment: Progress: 13/175 records generated (C/2015/page_96.pdf-3 ok).
INFO deminh.experiment: Progress: 14/175 records generated (AON/2018/page_87.pdf-3 ok).
INFO deminh.experiment: Progress: 15/175 records generated (DVN/2014/page_87.pdf-1 ok).
WARNING deminh.agents: Analyst failed for GIS/2018/page_110.pdf-1: float() argument must be a string or a real number, not 'NoneType'
WARNING deminh.experiment: Skipping GIS/2018/page_110.pdf-1: generation produced no claim.
INFO deminh.experiment: Progress: 16/175 records generated (GIS/2018/page_110.pdf-1 skipped).
INFO deminh.experiment: Progress: 17/175 records generated (UNP/2006/page_15.pdf-1 ok).
INFO deminh.injection: Category wrong_operation did not apply to UNP/2006/page_15.pdf-1; record left uncorrupted.
INFO deminh.injection: Category wrong_operation did not apply to UNP/2006/page_15.pdf-1; record left uncorrupted.
INFO deminh.injection: Category wrong_operation did not apply to UNP/2006/page_15.pdf-1; record left uncorrupted.
INFO deminh.experiment: Progress: 18/175 records generated (C/2018/page_175.pdf-2 ok).
INFO deminh.experiment: Progress: 19/175 records generated (ANSS/2012/page_93.pdf-1 ok).
INFO deminh.experiment: Progress: 20/175 records generated (STT/2011/page_69.pdf-1 ok).
WARNING deminh.agents: Analyst failed for AES/2001/page_85.pdf-2: float() argument must be a string or a real number, not 'NoneType'
WARNING deminh.experiment: Skipping AES/2001/page_85.pdf-2: generation produced no claim.
INFO deminh.experiment: Progress: 21/175 records generated (AES/2001/page_85.pdf-2 skipped).
INFO deminh.experiment: Progress: 22/175 records generated (LMT/2014/page_91.pdf-3 ok).
INFO deminh.experiment: Progress: 23/175 records generated (GIS/2017/page_31.pdf-4 ok).
INFO deminh.experiment: Progress: 24/175 records generated (HUM/2017/page_118.pdf-1 ok).
INFO deminh.experiment: Progress: 25/175 records generated (ABMD/2006/page_43.pdf-1 ok).
INFO deminh.experiment: Progress: 26/175 records generated (ANET/2015/page_156.pdf-1 ok).
INFO deminh.experiment: Progress: 27/175 records generated (MRO/2006/page_93.pdf-3 ok).
WARNING deminh.agents: Analyst failed for AES/2010/page_227.pdf-1: float() argument must be a string or a real number, not 'NoneType'
WARNING deminh.experiment: Skipping AES/2010/page_227.pdf-1: generation produced no claim.
INFO deminh.experiment: Progress: 28/175 records generated (AES/2010/page_227.pdf-1 skipped).
INFO deminh.experiment: Progress: 29/175 records generated (BLL/2010/page_35.pdf-2 ok).
INFO deminh.injection: Category wrong_operation did not apply to BLL/2010/page_35.pdf-2; record left uncorrupted.
INFO deminh.injection: Category wrong_operation did not apply to BLL/2010/page_35.pdf-2; record left uncorrupted.
INFO deminh.injection: Category wrong_operation did not apply to BLL/2010/page_35.pdf-2; record left uncorrupted.
INFO deminh.experiment: Progress: 30/175 records generated (NCLH/2018/page_97.pdf-1 ok).
INFO deminh.experiment: Progress: 31/175 records generated (GS/2015/page_171.pdf-1 ok).
INFO deminh.experiment: Progress: 32/175 records generated (ETR/2003/page_157.pdf-1 ok).
WARNING deminh.agents: Analyst failed for CME/2010/page_123.pdf-5: float() argument must be a string or a real number, not 'NoneType'
WARNING deminh.experiment: Skipping CME/2010/page_123.pdf-5: generation produced no claim.
INFO deminh.experiment: Progress: 33/175 records generated (CME/2010/page_123.pdf-5 skipped).
INFO deminh.experiment: Progress: 34/175 records generated (RSG/2012/page_93.pdf-1 ok).
WARNING deminh.agents: Analyst failed for C/2009/page_197.pdf-1: float() argument must be a string or a real number, not 'NoneType'
WARNING deminh.experiment: Skipping C/2009/page_197.pdf-1: generation produced no claim.
INFO deminh.experiment: Progress: 35/175 records generated (C/2009/page_197.pdf-1 skipped).
INFO deminh.experiment: Progress: 36/175 records generated (JPM/2008/page_117.pdf-2 ok).
WARNING deminh.agents: Analyst failed for EMR/2017/page_78.pdf-2: float() argument must be a string or a real number, not 'NoneType'
WARNING deminh.experiment: Skipping EMR/2017/page_78.pdf-2: generation produced no claim.
INFO deminh.experiment: Progress: 37/175 records generated (EMR/2017/page_78.pdf-2 skipped).
INFO deminh.experiment: Progress: 38/175 records generated (FIS/2012/page_48.pdf-4 ok).
INFO deminh.experiment: Progress: 39/175 records generated (MRO/2011/page_108.pdf-2 ok).
INFO deminh.injection: Category wrong_extraction did not apply to MRO/2011/page_108.pdf-2; record left uncorrupted.
INFO deminh.injection: Category wrong_extraction did not apply to MRO/2011/page_108.pdf-2; record left uncorrupted.
INFO deminh.injection: Category wrong_extraction did not apply to MRO/2011/page_108.pdf-2; record left uncorrupted.
INFO deminh.experiment: Progress: 40/175 records generated (PNC/2012/page_174.pdf-2 ok).
INFO deminh.experiment: Progress: 41/175 records generated (MAS/2012/page_26.pdf-2 ok).
INFO deminh.injection: Category wrong_operation did not apply to MAS/2012/page_26.pdf-2; record left uncorrupted.
INFO deminh.injection: Category wrong_operation did not apply to MAS/2012/page_26.pdf-2; record left uncorrupted.
INFO deminh.injection: Category wrong_operation did not apply to MAS/2012/page_26.pdf-2; record left uncorrupted.
INFO deminh.experiment: Progress: 42/175 records generated (UPS/2007/page_49.pdf-4 ok).
WARNING deminh.agents: Analyst failed for UNP/2011/page_33.pdf-2: float() argument must be a string or a real number, not 'NoneType'
WARNING deminh.experiment: Skipping UNP/2011/page_33.pdf-2: generation produced no claim.
INFO deminh.experiment: Progress: 43/175 records generated (UNP/2011/page_33.pdf-2 skipped).
WARNING deminh.agents: Skipping malformed figure {'label': 'capital leases outflow in 2018', 'value': None, 'scale': 1000000, 'unit': 'USD', 'period': 'N/A', 'location': 'table_1:row_after_2012', 'source_text': 'after 2012 | 285'}: float() argument must be a string or a real number, not 'NoneType'
WARNING deminh.agents: Analyst failed for UPS/2007/page_49.pdf-2: float() argument must be a string or a real number, not 'NoneType'
WARNING deminh.experiment: Skipping UPS/2007/page_49.pdf-2: generation produced no claim.
INFO deminh.experiment: Progress: 44/175 records generated (UPS/2007/page_49.pdf-2 skipped).
INFO deminh.experiment: Progress: 45/175 records generated (MRO/2003/page_84.pdf-2 ok).
INFO deminh.experiment: Progress: 46/175 records generated (PPG/2018/page_85.pdf-2 ok).
INFO deminh.experiment: Progress: 47/175 records generated (UPS/2007/page_49.pdf-3 ok).
INFO deminh.experiment: Progress: 48/175 records generated (UNP/2009/page_42.pdf-1 ok).
INFO deminh.experiment: Progress: 49/175 records generated (ECL/2017/page_79.pdf-2 ok).
INFO deminh.experiment: Progress: 50/175 records generated (LMT/2012/page_73.pdf-4 ok).
INFO deminh.experiment: Progress: 51/175 records generated (MO/2014/page_62.pdf-1 ok).
INFO deminh.experiment: Progress: 52/175 records generated (ECL/2017/page_69.pdf-2 ok).
INFO deminh.experiment: Progress: 53/175 records generated (MRO/2017/page_96.pdf-4 ok).
INFO deminh.injection: Category wrong_operation did not apply to MRO/2017/page_96.pdf-4; record left uncorrupted.
INFO deminh.injection: Category wrong_operation did not apply to MRO/2017/page_96.pdf-4; record left uncorrupted.
INFO deminh.injection: Category wrong_operation did not apply to MRO/2017/page_96.pdf-4; record left uncorrupted.
WARNING deminh.agents: Analyst failed for JPM/2018/page_90.pdf-2: float() argument must be a string or a real number, not 'NoneType'
WARNING deminh.experiment: Skipping JPM/2018/page_90.pdf-2: generation produced no claim.
INFO deminh.experiment: Progress: 54/175 records generated (JPM/2018/page_90.pdf-2 skipped).
INFO deminh.experiment: Progress: 55/175 records generated (ETR/2004/page_239.pdf-1 ok).
INFO deminh.experiment: Progress: 56/175 records generated (AMT/2012/page_50.pdf-4 ok).
INFO deminh.experiment: Progress: 57/175 records generated (AAL/2013/page_18.pdf-1 ok).
INFO deminh.experiment: Progress: 58/175 records generated (JPM/2010/page_281.pdf-1 ok).
INFO deminh.experiment: Progress: 59/175 records generated (LMT/2012/page_73.pdf-2 ok).
INFO deminh.experiment: Progress: 60/175 records generated (AMT/2008/page_107.pdf-3 ok).
INFO deminh.experiment: Progress: 61/175 records generated (KHC/2018/page_132.pdf-1 ok).
INFO deminh.experiment: Progress: 62/175 records generated (AES/2002/page_128.pdf-1 ok).
INFO deminh.experiment: Progress: 63/175 records generated (PKG/2002/page_52.pdf-2 ok).
INFO deminh.injection: Category wrong_extraction did not apply to PKG/2002/page_52.pdf-2; record left uncorrupted.
INFO deminh.injection: Category wrong_extraction did not apply to PKG/2002/page_52.pdf-2; record left uncorrupted.
INFO deminh.injection: Category wrong_extraction did not apply to PKG/2002/page_52.pdf-2; record left uncorrupted.
INFO deminh.experiment: Progress: 64/175 records generated (DISH/2010/page_117.pdf-2 ok).
INFO deminh.experiment: Progress: 65/175 records generated (AAPL/2006/page_100.pdf-4 ok).
INFO deminh.injection: Category wrong_operation did not apply to AAPL/2006/page_100.pdf-4; record left uncorrupted.
INFO deminh.injection: Category wrong_operation did not apply to AAPL/2006/page_100.pdf-4; record left uncorrupted.
INFO deminh.injection: Category wrong_operation did not apply to AAPL/2006/page_100.pdf-4; record left uncorrupted.
INFO deminh.experiment: Progress: 66/175 records generated (SLG/2011/page_91.pdf-6 ok).
WARNING deminh.agents: Analyst failed for DRE/2007/page_56.pdf-3: float() argument must be a string or a real number, not 'NoneType'
WARNING deminh.experiment: Skipping DRE/2007/page_56.pdf-3: generation produced no claim.
INFO deminh.experiment: Progress: 67/175 records generated (DRE/2007/page_56.pdf-3 skipped).
INFO deminh.experiment: Progress: 68/175 records generated (MRK/2013/page_125.pdf-2 ok).
INFO deminh.experiment: Progress: 69/175 records generated (ZBH/2007/page_67.pdf-1 ok).
INFO deminh.experiment: Progress: 70/175 records generated (ETR/2016/page_374.pdf-4 ok).
INFO deminh.experiment: Progress: 71/175 records generated (CME/2010/page_123.pdf-1 ok).
INFO deminh.experiment: Progress: 72/175 records generated (UAA/2016/page_42.pdf-1 ok).
INFO deminh.experiment: Progress: 73/175 records generated (GPN/2018/page_94.pdf-2 ok).
INFO deminh.experiment: Progress: 74/175 records generated (BLL/2011/page_32.pdf-1 ok).
INFO deminh.experiment: Progress: 75/175 records generated (ETR/2011/page_17.pdf-1 ok).
INFO deminh.experiment: Progress: 76/175 records generated (AAL/2013/page_18.pdf-4 ok).
INFO deminh.experiment: Progress: 77/175 records generated (DG/2007/page_67.pdf-2 ok).
INFO deminh.injection: Category wrong_operation did not apply to DG/2007/page_67.pdf-2; record left uncorrupted.
INFO deminh.injection: Category wrong_operation did not apply to DG/2007/page_67.pdf-2; record left uncorrupted.
INFO deminh.injection: Category wrong_operation did not apply to DG/2007/page_67.pdf-2; record left uncorrupted.
WARNING deminh.agents: Analyst failed for ADI/2010/page_80.pdf-1: float() argument must be a string or a real number, not 'NoneType'
WARNING deminh.experiment: Skipping ADI/2010/page_80.pdf-1: generation produced no claim.
INFO deminh.experiment: Progress: 78/175 records generated (ADI/2010/page_80.pdf-1 skipped).
INFO deminh.experiment: Progress: 79/175 records generated (SNA/2007/page_49.pdf-2 ok).
INFO deminh.experiment: Progress: 80/175 records generated (AAL/2014/page_15.pdf-3 ok).
INFO deminh.experiment: Progress: 81/175 records generated (CME/2010/page_69.pdf-4 ok).
INFO deminh.experiment: Progress: 82/175 records generated (AMT/2016/page_125.pdf-3 ok).
INFO deminh.experiment: Progress: 83/175 records generated (HWM/2015/page_173.pdf-2 ok).
INFO deminh.experiment: Progress: 84/175 records generated (BKNG/2016/page_33.pdf-4 ok).
INFO deminh.experiment: Progress: 85/175 records generated (AAL/2013/page_18.pdf-2 ok).
INFO deminh.experiment: Progress: 86/175 records generated (PKG/2005/page_74.pdf-4 ok).
INFO deminh.experiment: Progress: 87/175 records generated (ETR/2008/page_298.pdf-2 ok).
INFO deminh.injection: Category wrong_extraction did not apply to ETR/2008/page_298.pdf-2; record left uncorrupted.
INFO deminh.injection: Category wrong_extraction did not apply to ETR/2008/page_298.pdf-2; record left uncorrupted.
INFO deminh.injection: Category wrong_extraction did not apply to ETR/2008/page_298.pdf-2; record left uncorrupted.
INFO deminh.experiment: Progress: 88/175 records generated (ILMN/2003/page_58.pdf-1 ok).
INFO deminh.experiment: Progress: 89/175 records generated (JPM/2015/page_82.pdf-2 ok).
INFO deminh.injection: Category wrong_operation did not apply to JPM/2015/page_82.pdf-2; record left uncorrupted.
INFO deminh.injection: Category wrong_operation did not apply to JPM/2015/page_82.pdf-2; record left uncorrupted.
INFO deminh.injection: Category wrong_operation did not apply to JPM/2015/page_82.pdf-2; record left uncorrupted.
INFO deminh.experiment: Progress: 90/175 records generated (STT/2011/page_69.pdf-3 ok).
INFO deminh.experiment: Progress: 91/175 records generated (MRO/2013/page_19.pdf-2 ok).
INFO deminh.experiment: Progress: 92/175 records generated (ABMD/2007/page_78.pdf-1 ok).
WARNING deminh.agents: Analyst failed for ETFC/2018/page_153.pdf-2: float() argument must be a string or a real number, not 'NoneType'
WARNING deminh.experiment: Skipping ETFC/2018/page_153.pdf-2: generation produced no claim.
INFO deminh.experiment: Progress: 93/175 records generated (ETFC/2018/page_153.pdf-2 skipped).
INFO deminh.experiment: Progress: 94/175 records generated (INTC/2013/page_31.pdf-3 ok).
INFO deminh.experiment: Progress: 95/175 records generated (SNA/2013/page_34.pdf-1 ok).
WARNING deminh.agents: Analyst failed for ADI/2011/page_61.pdf-1: float() argument must be a string or a real number, not 'NoneType'
WARNING deminh.experiment: Skipping ADI/2011/page_61.pdf-1: generation produced no claim.
INFO deminh.experiment: Progress: 96/175 records generated (ADI/2011/page_61.pdf-1 skipped).
INFO deminh.experiment: Progress: 97/175 records generated (ALLE/2015/page_24.pdf-2 ok).
INFO deminh.experiment: Progress: 98/175 records generated (JKHY/2017/page_26.pdf-3 ok).
INFO deminh.experiment: Progress: 99/175 records generated (UNP/2006/page_15.pdf-2 ok).
INFO deminh.experiment: Progress: 100/175 records generated (GS/2012/page_189.pdf-1 ok).
INFO deminh.experiment: Progress: 101/175 records generated (ECL/2016/page_52.pdf-3 ok).
INFO deminh.injection: Category wrong_operation did not apply to ECL/2016/page_52.pdf-3; record left uncorrupted.
INFO deminh.injection: Category wrong_operation did not apply to ECL/2016/page_52.pdf-3; record left uncorrupted.
INFO deminh.injection: Category wrong_operation did not apply to ECL/2016/page_52.pdf-3; record left uncorrupted.
INFO deminh.experiment: Progress: 102/175 records generated (MAS/2012/page_26.pdf-3 ok).
INFO deminh.experiment: Progress: 103/175 records generated (AWK/2017/page_148.pdf-2 ok).
INFO deminh.experiment: Progress: 104/175 records generated (GS/2017/page_86.pdf-1 ok).
INFO deminh.experiment: Progress: 105/175 records generated (FIS/2017/page_64.pdf-1 ok).
INFO deminh.experiment: Progress: 106/175 records generated (MMM/2007/page_23.pdf-2 ok).
INFO deminh.experiment: Progress: 107/175 records generated (FIS/2016/page_9.pdf-3 ok).
INFO deminh.experiment: Progress: 108/175 records generated (AON/2018/page_87.pdf-2 ok).
INFO deminh.experiment: Progress: 109/175 records generated (FIS/2016/page_31.pdf-4 ok).
WARNING deminh.agents: Skipping malformed figure {'label': 'net income', 'value': None, 'scale': 1, 'unit': 'USD', 'period': None, 'location': None, 'source_text': ''}: float() argument must be a string or a real number, not 'NoneType'
WARNING deminh.agents: Analyst failed for GPN/2014/page_92.pdf-2: float() argument must be a string or a real number, not 'NoneType'
WARNING deminh.experiment: Skipping GPN/2014/page_92.pdf-2: generation produced no claim.
INFO deminh.experiment: Progress: 110/175 records generated (GPN/2014/page_92.pdf-2 skipped).
WARNING deminh.agents: Analyst failed for JPM/2009/page_175.pdf-4: float() argument must be a string or a real number, not 'NoneType'
WARNING deminh.experiment: Skipping JPM/2009/page_175.pdf-4: generation produced no claim.
INFO deminh.experiment: Progress: 111/175 records generated (JPM/2009/page_175.pdf-4 skipped).
INFO deminh.experiment: Progress: 112/175 records generated (UNP/2016/page_52.pdf-1 ok).
INFO deminh.experiment: Progress: 113/175 records generated (DVN/2015/page_79.pdf-1 ok).
INFO deminh.injection: Category wrong_operation did not apply to DVN/2015/page_79.pdf-1; record left uncorrupted.
INFO deminh.injection: Category wrong_operation did not apply to DVN/2015/page_79.pdf-1; record left uncorrupted.
INFO deminh.injection: Category wrong_operation did not apply to DVN/2015/page_79.pdf-1; record left uncorrupted.
INFO deminh.experiment: Progress: 114/175 records generated (C/2018/page_175.pdf-4 ok).
INFO deminh.experiment: Progress: 115/175 records generated (ILMN/2008/page_86.pdf-2 ok).
INFO deminh.experiment: Progress: 116/175 records generated (ETR/2003/page_157.pdf-2 ok).
WARNING deminh.agents: Extractor produced unparseable output for GS/2014/page_165.pdf-4: Invalid \escape: line 19 column 210 (char 733)
WARNING deminh.agents: Analyst failed for GS/2014/page_165.pdf-4: float() argument must be a string or a real number, not 'NoneType'
WARNING deminh.experiment: Skipping GS/2014/page_165.pdf-4: generation produced no claim.
INFO deminh.experiment: Progress: 117/175 records generated (GS/2014/page_165.pdf-4 skipped).
INFO deminh.experiment: Progress: 118/175 records generated (INTC/2013/page_31.pdf-2 ok).
INFO deminh.experiment: Progress: 119/175 records generated (ETR/2008/page_298.pdf-1 ok).
INFO deminh.experiment: Progress: 120/175 records generated (HOLX/2006/page_100.pdf-2 ok).
INFO deminh.experiment: Progress: 121/175 records generated (CME/2017/page_40.pdf-3 ok).
INFO deminh.experiment: Progress: 122/175 records generated (JPM/2015/page_82.pdf-1 ok).
INFO deminh.experiment: Progress: 123/175 records generated (HII/2015/page_121.pdf-4 ok).
INFO deminh.experiment: Progress: 124/175 records generated (STT/2009/page_25.pdf-1 ok).
INFO deminh.experiment: Progress: 125/175 records generated (DG/2005/page_44.pdf-1 ok).
INFO deminh.injection: Category wrong_operation did not apply to DG/2005/page_44.pdf-1; record left uncorrupted.
INFO deminh.injection: Category wrong_operation did not apply to DG/2005/page_44.pdf-1; record left uncorrupted.
INFO deminh.injection: Category wrong_operation did not apply to DG/2005/page_44.pdf-1; record left uncorrupted.
INFO deminh.experiment: Progress: 126/175 records generated (AWK/2017/page_148.pdf-3 ok).
INFO deminh.experiment: Progress: 127/175 records generated (PNC/2012/page_65.pdf-2 ok).
INFO deminh.experiment: Progress: 128/175 records generated (AMT/2006/page_104.pdf-1 ok).
INFO deminh.experiment: Progress: 129/175 records generated (IPG/2008/page_72.pdf-4 ok).
WARNING deminh.verification.selfcheck: Self-check unparseable for claim clm_a196f7b5: Expecting ',' delimiter: line 4 column 28 (char 214)
INFO deminh.experiment: Progress: 130/175 records generated (NWS/2019/page_116.pdf-1 ok).
INFO deminh.experiment: Progress: 131/175 records generated (LMT/2015/page_89.pdf-1 ok).
INFO deminh.experiment: Progress: 132/175 records generated (CDW/2015/page_93.pdf-2 ok).
INFO deminh.experiment: Progress: 133/175 records generated (CE/2016/page_19.pdf-2 ok).
INFO deminh.experiment: Progress: 134/175 records generated (AON/2007/page_175.pdf-1 ok).
INFO deminh.experiment: Progress: 135/175 records generated (GPN/2010/page_87.pdf-2 ok).
INFO deminh.experiment: Progress: 136/175 records generated (FIS/2017/page_64.pdf-2 ok).
INFO deminh.experiment: Progress: 137/175 records generated (BLK/2015/page_124.pdf-2 ok).
INFO deminh.injection: Category wrong_operation did not apply to BLK/2015/page_124.pdf-2; record left uncorrupted.
INFO deminh.injection: Category wrong_operation did not apply to BLK/2015/page_124.pdf-2; record left uncorrupted.
INFO deminh.injection: Category wrong_operation did not apply to BLK/2015/page_124.pdf-2; record left uncorrupted.
INFO deminh.experiment: Progress: 138/175 records generated (DVN/2014/page_87.pdf-3 ok).
INFO deminh.experiment: Progress: 139/175 records generated (WRK/2018/page_107.pdf-3 ok).
INFO deminh.experiment: Progress: 140/175 records generated (GS/2014/page_51.pdf-1 ok).
INFO deminh.experiment: Progress: 141/175 records generated (ETR/2015/page_17.pdf-3 ok).
INFO deminh.experiment: Progress: 142/175 records generated (MS/2013/page_139.pdf-1 ok).
INFO deminh.experiment: Progress: 143/175 records generated (UPS/2010/page_52.pdf-1 ok).
INFO deminh.experiment: Progress: 144/175 records generated (LMT/2016/page_49.pdf-3 ok).
INFO deminh.experiment: Progress: 145/175 records generated (ETR/2016/page_23.pdf-4 ok).
INFO deminh.experiment: Progress: 146/175 records generated (JPM/2014/page_122.pdf-2 ok).
INFO deminh.experiment: Progress: 147/175 records generated (DISH/2011/page_122.pdf-2 ok).
INFO deminh.experiment: Progress: 148/175 records generated (ETR/2016/page_150.pdf-4 ok).
INFO deminh.experiment: Progress: 149/175 records generated (SNA/2013/page_83.pdf-2 ok).
INFO deminh.injection: Category wrong_operation did not apply to SNA/2013/page_83.pdf-2; record left uncorrupted.
INFO deminh.injection: Category wrong_operation did not apply to SNA/2013/page_83.pdf-2; record left uncorrupted.
INFO deminh.injection: Category wrong_operation did not apply to SNA/2013/page_83.pdf-2; record left uncorrupted.
INFO deminh.experiment: Progress: 150/175 records generated (BLL/2011/page_32.pdf-4 ok).
INFO deminh.experiment: Progress: 151/175 records generated (CMCSA/2008/page_36.pdf-1 ok).
INFO deminh.experiment: Progress: 152/175 records generated (AMT/2005/page_102.pdf-2 ok).
WARNING deminh.agents: Analyst failed for HII/2015/page_121.pdf-3: float() argument must be a string or a real number, not 'NoneType'
WARNING deminh.experiment: Skipping HII/2015/page_121.pdf-3: generation produced no claim.
INFO deminh.experiment: Progress: 153/175 records generated (HII/2015/page_121.pdf-3 skipped).
INFO deminh.experiment: Progress: 154/175 records generated (AMT/2008/page_107.pdf-2 ok).
INFO deminh.experiment: Progress: 155/175 records generated (MRO/2004/page_46.pdf-2 ok).
INFO deminh.experiment: Progress: 156/175 records generated (BLK/2012/page_33.pdf-2 ok).
INFO deminh.experiment: Progress: 157/175 records generated (RSG/2009/page_140.pdf-2 ok).
INFO deminh.experiment: Progress: 158/175 records generated (JPM/2009/page_175.pdf-3 ok).
INFO deminh.experiment: Progress: 159/175 records generated (ZBH/2015/page_57.pdf-1 ok).
WARNING deminh.verification.selfcheck: Self-check unparseable for claim clm_ba2d4883: Expecting ',' delimiter: line 4 column 29 (char 268)
INFO deminh.experiment: Progress: 160/175 records generated (DRE/2007/page_56.pdf-1 ok).
INFO deminh.experiment: Progress: 161/175 records generated (MSI/2007/page_70.pdf-2 ok).
INFO deminh.injection: Category wrong_operation did not apply to MSI/2007/page_70.pdf-2; record left uncorrupted.
INFO deminh.injection: Category wrong_operation did not apply to MSI/2007/page_70.pdf-2; record left uncorrupted.
INFO deminh.injection: Category wrong_operation did not apply to MSI/2007/page_70.pdf-2; record left uncorrupted.
INFO deminh.experiment: Progress: 162/175 records generated (PNC/2008/page_122.pdf-1 ok).
INFO deminh.experiment: Progress: 163/175 records generated (ETR/2016/page_374.pdf-1 ok).
INFO deminh.experiment: Progress: 164/175 records generated (DISCA/2011/page_49.pdf-4 ok).
INFO deminh.experiment: Progress: 165/175 records generated (CME/2017/page_40.pdf-4 ok).
INFO deminh.experiment: Progress: 166/175 records generated (RSG/2018/page_135.pdf-2 ok).
INFO deminh.experiment: Progress: 167/175 records generated (DISH/2011/page_122.pdf-4 ok).
INFO deminh.experiment: Progress: 168/175 records generated (GS/2018/page_78.pdf-1 ok).
INFO deminh.experiment: Progress: 169/175 records generated (PNC/2012/page_68.pdf-3 ok).
INFO deminh.experiment: Progress: 170/175 records generated (GIS/2015/page_62.pdf-1 ok).
WARNING deminh.verification.selfcheck: Self-check unparseable for claim clm_f39b0a1d: Expecting ',' delimiter: line 4 column 34 (char 224)
INFO deminh.experiment: Progress: 171/175 records generated (DVN/2015/page_79.pdf-2 ok).
INFO deminh.injection: Category wrong_extraction did not apply to DVN/2015/page_79.pdf-2; record left uncorrupted.
INFO deminh.experiment: Progress: 172/175 records generated (CME/2010/page_69.pdf-3 ok).
INFO deminh.experiment: Progress: 173/175 records generated (ABMD/2012/page_79.pdf-2 ok).
INFO deminh.injection: Category wrong_operation did not apply to ABMD/2012/page_79.pdf-2; record left uncorrupted.
INFO deminh.injection: Category wrong_operation did not apply to ABMD/2012/page_79.pdf-2; record left uncorrupted.
INFO deminh.injection: Category wrong_operation did not apply to ABMD/2012/page_79.pdf-2; record left uncorrupted.
INFO deminh.experiment: Progress: 174/175 records generated (ANSS/2016/page_47.pdf-1 ok).
INFO deminh.experiment: Progress: 175/175 records generated (ETR/2008/page_298.pdf-4 ok).
{
  "arms": {
    "no_verifier": {
      "n_records": 156,
      "n_corrupted": 59,
      "detection": {
        "tp": 0,
        "fp": 0,
        "fn": 59,
        "tn": 97,
        "precision": 0.0,
        "recall": 0.0,
        "f1": 0.0,
        "false_positive_rate": 0.0
      },
      "detection_by_category": {
        "arithmetic_slip": {
          "n": 14,
          "recall": 0.0
        },
        "invented_figure": {
          "n": 13,
          "recall": 0.0
        },
        "scale_error": {
          "n": 9,
          "recall": 0.0
        },
        "sign_error": {
          "n": 13,
          "recall": 0.0
        },
        "wrong_extraction": {
          "n": 10,
          "recall": 0.0
        }
      },
      "flags_by_mechanism": {},
      "mitigation": {
        "n": 153,
        "accuracy_before": 0.3072,
        "accuracy_after": 0.3072,
        "delta": 0.0,
        "repaired": 0,
        "harmed": 0,
        "repair_rate": 0.0,
        "harm_rate": 0.0,
        "skipped_no_gold": 3
      },
      "mean_coverage": 0.0
    },
    "self_check": {
      "n_records": 156,
      "n_corrupted": 60,
      "detection": {
        "tp": 57,
        "fp": 86,
        "fn": 3,
        "tn": 10,
        "precision": 0.3986,
        "recall": 0.95,
        "f1": 0.5616,
        "false_positive_rate": 0.8958
      },
      "detection_by_category": {
        "arithmetic_slip": {
          "n": 14,
          "recall": 0.9286
        },
        "invented_figure": {
          "n": 13,
          "recall": 1.0
        },
        "scale_error": {
          "n": 9,
          "recall": 0.8889
        },
        "sign_error": {
          "n": 13,
          "recall": 1.0
        },
        "wrong_extraction": {
          "n": 11,
          "recall": 0.9091
        }
      },
      "flags_by_mechanism": {
        "self_check": 57
      },
      "mitigation": {
        "n": 153,
        "accuracy_before": 0.3072,
        "accuracy_after": 0.3072,
        "delta": 0.0,
        "repaired": 8,
        "harmed": 8,
        "repair_rate": 0.0755,
        "harm_rate": 0.1702,
        "skipped_no_gold": 3
      },
      "mean_coverage": 1.0
    },
    "deminh": {
      "n_records": 156,
      "n_corrupted": 60,
      "detection": {
        "tp": 60,
        "fp": 80,
        "fn": 0,
        "tn": 16,
        "precision": 0.4286,
        "recall": 1.0,
        "f1": 0.6,
        "false_positive_rate": 0.8333
      },
      "detection_by_category": {
        "arithmetic_slip": {
          "n": 14,
          "recall": 1.0
        },
        "invented_figure": {
          "n": 13,
          "recall": 1.0
        },
        "scale_error": {
          "n": 9,
          "recall": 1.0
        },
        "sign_error": {
          "n": 13,
          "recall": 1.0
        },
        "wrong_extraction": {
          "n": 11,
          "recall": 1.0
        }
      },
      "flags_by_mechanism": {
        "provenance": 96,
        "recompute": 60
      },
      "mitigation": {
        "n": 153,
        "accuracy_before": 0.3072,
        "accuracy_after": 0.3464,
        "delta": 0.0392,
        "repaired": 16,
        "harmed": 10,
        "repair_rate": 0.1509,
        "harm_rate": 0.2128,
        "skipped_no_gold": 3
      },
      "mean_coverage": 1.0
    }
  },
  "comparisons": {
    "deminh_vs_self_check": {
      "n_paired": 156,
      "deminh_right_self_wrong": 16,
      "self_right_deminh_wrong": 7,
      "n_discordant": 23,
      "chi2": 2.7826,
      "p_value": 0.095293,
      "note": "Fewer than ~25 discordant pairs makes this approximation unreliable; report n_discordant alongside p."
    }
  }
}

Written to G:\deminh\deminh\results\run_003b

